// Jest Snapshot v1, https://goo.gl/fbAQLP

exports[`testing ExpenseListItem with one expense data 1`] = `
<Link
  className="list-item"
  to="/edit/4"
>
  <div>
    <h3
      className="list-item__title"
    >
      mobile
    </h3>
    <span
      className="list-item__sub- title"
    >
      January 28th, 1970
    </span>
  </div>
  <h3
    className="list-item__data"
  >
    $1.10
  </h3>
</Link>
`;
