// Jest Snapshot v1, https://goo.gl/fbAQLP

exports[`testing Header component 1`] = `
<div>
  <h1>
    Expencify app
  </h1>
  <NavLink
    activeClassName="is_active"
    exact={true}
    to="/dashboard"
  >
    HomePage
  </NavLink>
    
  <NavLink
    activeClassName="is_active"
    to="/create"
  >
    create
  </NavLink>
    
  <button
    onClick={[Function]}
  >
    Logout
  </button>
</div>
`;
